╭───────┬────────────┬──────────────────┬───────╮
│ field │ #0         │ #1               │ #2    │
├───────┼────────────┼──────────────────┼───────┤
│ Chr   │       chr1 │             chr1 │  chr1 │
│ Start │        100 │            1_100 │ 2_100 │
│ End   │        200 │            1_200 │ 2_200 │
│ Score │          0 │             0.05 │   0.1 │
│ Tags  │ [promoter] │ [enhancer, open] │    [] │
╰───────┴────────────┴──────────────────┴───────╯

[20 rows x 5 columns]  vertical: 3 record(s) shown
