+--------+-------------+-------------+--------+-------+
| Chr    | [Beg        | End)        | Name   | Score |
+--------+-------------+-------------+--------+-------+
| chr1   |         100 |         200 | peak_0 |     0 |
| chr1   |       1_100 |       1_200 | peak_1 |  0.05 |
| chr1   |       2_100 |       2_200 | peak_2 |   0.1 |
| chr1   |       3_100 |       3_200 | peak_3 |  0.15 |
| chr1   |       4_100 |       4_200 | peak_4 |   0.2 |
| chr1   |       5_100 |       5_200 | peak_5 |  0.25 |
| chr1   |       6_100 |       6_200 | peak_6 |   0.3 |
| chr1   |       7_100 |       7_200 | peak_7 |  0.35 |
| chr1   |       8_100 |       8_200 | peak_8 |   0.4 |
| chr1   |       9_100 |       9_200 | peak_9 |  0.45 |
+--------+-------------+-------------+--------+-------+

[10 rows x 5 columns]

Column  Type    Nullable
------  ------  --------
Chr     string  yes
[Beg    int64   yes
End)    int64   yes
Name    string  yes
Score   double  yes

File: /home/piotr/Sources/ParquetViewer/tests/data/tiny.bed
Format: BED5
